// Jest Snapshot v1, https://goo.gl/fbAQLP

exports[`Generate R4 Patient 1`] = `
{
  "Patient": [
    {
      "_type_": "meta",
      "cardinality": "array",
      "properties": {
        "active": 10,
        "address": 16,
        "birthDate": 14,
        "communication": 31,
        "contact": 20,
        "contained": 6,
        "deceasedBoolean": 15,
        "deceasedDateTime": 15,
        "extension": 7,
        "gender": 13,
        "generalPractitioner": 37,
        "id": 1,
        "identifier": 9,
        "implicitRules": 3,
        "language": 4,
        "link": 39,
        "managingOrganization": 38,
        "maritalStatus": 17,
        "meta": 2,
        "modifierExtension": 8,
        "multipleBirthBoolean": 18,
        "multipleBirthInteger": 18,
        "name": 11,
        "photo": 19,
        "telecom": 12,
        "text": 5,
      },
      "type": undefined,
    },
    {
      "_type_": "meta",
      "cardinality": "single",
      "properties": undefined,
      "type": "http://hl7.org/fhirpath/System.String",
    },
    {
      "_type_": "meta",
      "cardinality": "single",
      "properties": undefined,
      "type": "Meta",
    },
    {
      "_type_": "meta",
      "cardinality": "single",
      "properties": undefined,
      "type": "uri",
    },
    {
      "_type_": "meta",
      "cardinality": "single",
      "properties": undefined,
      "type": "code",
    },
    {
      "_type_": "meta",
      "cardinality": "single",
      "properties": undefined,
      "type": "Narrative",
    },
    {
      "_type_": "meta",
      "cardinality": "array",
      "properties": undefined,
      "type": "Resource",
    },
    {
      "_type_": "meta",
      "cardinality": "array",
      "properties": undefined,
      "type": "Extension",
    },
    {
      "_type_": "meta",
      "cardinality": "array",
      "properties": undefined,
      "type": "Extension",
    },
    {
      "_type_": "meta",
      "cardinality": "array",
      "properties": undefined,
      "type": "Identifier",
    },
    {
      "_type_": "meta",
      "cardinality": "single",
      "properties": undefined,
      "type": "boolean",
    },
    {
      "_type_": "meta",
      "cardinality": "array",
      "properties": undefined,
      "type": "HumanName",
    },
    {
      "_type_": "meta",
      "cardinality": "array",
      "properties": undefined,
      "type": "ContactPoint",
    },
    {
      "_type_": "meta",
      "cardinality": "single",
      "properties": undefined,
      "type": "code",
    },
    {
      "_type_": "meta",
      "cardinality": "single",
      "properties": undefined,
      "type": "date",
    },
    {
      "_type_": "typechoice",
      "types": {
        "boolean": 15,
        "dateTime": 15,
      },
    },
    {
      "_type_": "meta",
      "cardinality": "array",
      "properties": undefined,
      "type": "Address",
    },
    {
      "_type_": "meta",
      "cardinality": "single",
      "properties": undefined,
      "type": "CodeableConcept",
    },
    {
      "_type_": "typechoice",
      "types": {
        "boolean": 18,
        "integer": 18,
      },
    },
    {
      "_type_": "meta",
      "cardinality": "array",
      "properties": undefined,
      "type": "Attachment",
    },
    {
      "_type_": "meta",
      "cardinality": "array",
      "properties": {
        "address": 27,
        "extension": 22,
        "gender": 28,
        "id": 21,
        "modifierExtension": 23,
        "name": 25,
        "organization": 29,
        "period": 30,
        "relationship": 24,
        "telecom": 26,
      },
      "type": "BackboneElement",
    },
    {
      "_type_": "meta",
      "cardinality": "single",
      "properties": undefined,
      "type": "http://hl7.org/fhirpath/System.String",
    },
    {
      "_type_": "meta",
      "cardinality": "array",
      "properties": undefined,
      "type": "Extension",
    },
    {
      "_type_": "meta",
      "cardinality": "array",
      "properties": undefined,
      "type": "Extension",
    },
    {
      "_type_": "meta",
      "cardinality": "array",
      "properties": undefined,
      "type": "CodeableConcept",
    },
    {
      "_type_": "meta",
      "cardinality": "single",
      "properties": undefined,
      "type": "HumanName",
    },
    {
      "_type_": "meta",
      "cardinality": "array",
      "properties": undefined,
      "type": "ContactPoint",
    },
    {
      "_type_": "meta",
      "cardinality": "single",
      "properties": undefined,
      "type": "Address",
    },
    {
      "_type_": "meta",
      "cardinality": "single",
      "properties": undefined,
      "type": "code",
    },
    {
      "_type_": "meta",
      "cardinality": "single",
      "properties": undefined,
      "type": "Reference",
    },
    {
      "_type_": "meta",
      "cardinality": "single",
      "properties": undefined,
      "type": "Period",
    },
    {
      "_type_": "meta",
      "cardinality": "array",
      "properties": {
        "extension": 33,
        "id": 32,
        "language": 35,
        "modifierExtension": 34,
        "preferred": 36,
      },
      "type": "BackboneElement",
    },
    {
      "_type_": "meta",
      "cardinality": "single",
      "properties": undefined,
      "type": "http://hl7.org/fhirpath/System.String",
    },
    {
      "_type_": "meta",
      "cardinality": "array",
      "properties": undefined,
      "type": "Extension",
    },
    {
      "_type_": "meta",
      "cardinality": "array",
      "properties": undefined,
      "type": "Extension",
    },
    {
      "_type_": "meta",
      "cardinality": "single",
      "properties": undefined,
      "type": "CodeableConcept",
    },
    {
      "_type_": "meta",
      "cardinality": "single",
      "properties": undefined,
      "type": "boolean",
    },
    {
      "_type_": "meta",
      "cardinality": "array",
      "properties": undefined,
      "type": "Reference",
    },
    {
      "_type_": "meta",
      "cardinality": "single",
      "properties": undefined,
      "type": "Reference",
    },
    {
      "_type_": "meta",
      "cardinality": "array",
      "properties": {
        "extension": 41,
        "id": 40,
        "modifierExtension": 42,
        "other": 43,
        "type": 44,
      },
      "type": "BackboneElement",
    },
    {
      "_type_": "meta",
      "cardinality": "single",
      "properties": undefined,
      "type": "http://hl7.org/fhirpath/System.String",
    },
    {
      "_type_": "meta",
      "cardinality": "array",
      "properties": undefined,
      "type": "Extension",
    },
    {
      "_type_": "meta",
      "cardinality": "array",
      "properties": undefined,
      "type": "Extension",
    },
    {
      "_type_": "meta",
      "cardinality": "single",
      "properties": undefined,
      "type": "Reference",
    },
    {
      "_type_": "meta",
      "cardinality": "single",
      "properties": undefined,
      "type": "code",
    },
  ],
}
`;
