// Jest Snapshot v1, https://goo.gl/fbAQLP

exports[`Generate a graph from a transaction 1`] = `
{
  "graph": Graph {},
  "locationsToUpdate": {
    "urn:oid:1": [
      [
        "entry",
        "resource",
        "0",
        "generalPractitioner",
        0,
      ],
    ],
  },
  "order": [
    "1",
    "0",
  ],
}
`;
