// Jest Snapshot v1, https://goo.gl/fbAQLP

exports[`ADT Message Parsing 1`] = `
{
  "EVN": [
    "A01",
    "20200508130643",
    "",
    "",
    [
      "C006",
      "Wolf",
      "Kathy",
      "",
      "",
      "Dr",
      "",
      "",
      "DRNBR",
      "PRSNL",
      "",
      "",
      "ORGDR",
    ],
    "",
  ],
  "MSH": [
    "|",
    "^~\\&",
    "SIMHOSP",
    "SFAC",
    "RAPP",
    "RFAC",
    "20200508130643",
    "",
    [
      "ADT",
      "A01",
    ],
    "5",
    "T",
    "2.3",
    "",
    "",
    "AL",
    "",
    "44",
    "ASCII",
  ],
  "PD1": [
    "",
    "",
    [
      "FAMILY PRACTICE",
      "",
      "12345",
    ],
    "",
  ],
  "PID": [
    "1",
    [
      "2590157853",
      "",
      "",
      "SIMULATOR MRN",
      "MRN",
    ],
    [
      [
        "2590157853",
        "",
        "",
        "SIMULATOR MRN",
        "MRN",
      ],
      [
        "2478684691",
        "",
        "",
        "NHSNBR",
        "NHSNMBR",
      ],
    ],
    "",
    [
      "Esterkin",
      "AKI Scenario 6",
      "",
      "",
      "Miss",
      "",
      "CURRENT",
    ],
    "",
    "19890118000000",
    "F",
    "",
    "",
    [
      "170 Juice Place",
      "",
      "London",
      "",
      "RW21 6KC",
      "GBR",
      "HOME",
    ],
    "",
    [
      "020 5368 1665",
      "HOME",
    ],
    "",
    "",
    "",
    "",
    "",
    "",
    "",
    "",
    [
      "R",
      "Other - Chinese",
      "",
      "",
      "",
    ],
    "",
    "",
    "",
    "",
    "",
    "",
    "",
    "",
  ],
  "PV1": [
    "1",
    "I",
    [
      "RenalWard",
      "MainRoom",
      "Bed 1",
      "Simulated Hospital",
      "",
      "BED",
      "Main Building",
      "5",
    ],
    "28b",
    "",
    "",
    [
      "C006",
      "Wolf",
      "Kathy",
      "",
      "",
      "Dr",
      "",
      "",
      "DRNBR",
      "PRSNL",
      "",
      "",
      "ORGDR",
    ],
    "",
    "",
    "MED",
    "",
    "",
    "",
    "",
    "",
    "",
    "",
    "",
    [
      "6145914547062969032",
      "",
      "",
      "",
      "visitid",
    ],
    "",
    "",
    "",
    "",
    "",
    "",
    "",
    "",
    "",
    "",
    "",
    "",
    "",
    "",
    "",
    "",
    "",
    "",
    "",
    "",
    "",
    "ARRIVED",
    "",
    "",
    "20200508130643",
    "",
    "",
  ],
}
`;

exports[`ADT Message Parsing 2`] = `
{
  "EVN": [
    "A01",
    "20200508130643",
    "",
    "",
    [
      "C006",
      "Wolf",
      "Kathy",
      "",
      "",
      "Dr",
      "",
      "",
      "DRNBR",
      "PRSNL",
      "",
      "",
      "ORGDR",
    ],
    "",
  ],
  "MSH": [
    "|",
    "^~\\&",
    "SIMHOSP",
    "SFAC",
    "RAPP",
    "RFAC",
    "20200508130643",
    "",
    [
      "ADT",
      "A01",
    ],
    "5",
    "T",
    "2.3",
    "",
    "",
    "AL",
    "",
    "44",
    "ASCII",
  ],
  "PD1": [
    "",
    "",
    [
      "FAMILY PRACTICE",
      "",
      "12345",
    ],
    "",
  ],
  "PID": [
    "1",
    [
      "2590157853",
      "",
      "",
      "SIMULATOR MRN",
      "MRN",
    ],
    [
      [
        "2590157853",
        "",
        "",
        "SIMULATOR MRN",
        "MRN",
      ],
      [
        "2478684691",
        "",
        "",
        "NHSNBR",
        "NHSNMBR",
      ],
    ],
    "",
    [
      "Esterkin",
      "AKI Scenario 6",
      "",
      "",
      "Miss",
      "",
      "CURRENT",
    ],
    "",
    "19890118000000",
    "F",
    "",
    "",
    [
      "170 Juice Place",
      "",
      "London",
      "",
      "RW21 6KC",
      "GBR",
      "HOME",
    ],
    "",
    [
      "020 5368 1665",
      "HOME",
    ],
    "",
    "",
    "",
    "",
    "",
    "",
    "",
    "",
    [
      "R",
      "Other - Chinese",
      "",
      "",
      "",
    ],
    "",
    "",
    "",
    "",
    "",
    "",
    "",
    "",
  ],
  "PV1": [
    "1",
    "I",
    [
      "RenalWard",
      "MainRoom",
      "Bed 1",
      "Simulated Hospital",
      "",
      "BED",
      "Main Building",
      "5",
    ],
    "28b",
    "",
    "",
    [
      "C006",
      "Wolf",
      "Kathy",
      "",
      "",
      "Dr",
      "",
      "",
      "DRNBR",
      "PRSNL",
      "",
      "",
      "ORGDR",
    ],
    "",
    "",
    "MED",
    "",
    "",
    "",
    "",
    "",
    "",
    "",
    "",
    [
      "6145914547062969032",
      "",
      "",
      "",
      "visitid",
    ],
    "",
    "",
    "",
    "",
    "",
    "",
    "",
    "",
    "",
    "",
    "",
    "",
    "",
    "",
    "",
    "",
    "",
    "",
    "",
    "",
    "",
    "ARRIVED",
    "",
    "",
    "20200508130643",
    "",
    "",
  ],
}
`;
